Loading fake-quant model from /nvme3/yqy/vllm_deploy/glorcq_eval/mixtral_e11_v2 ...
Traceback (most recent call last):
  File "/nvme3/yqy/vllm_deploy/glorcq_eval/GLoRCQ/.venv/lib/python3.12/site-packages/transformers/utils/hub.py", line 424, in cached_files
    hf_hub_download(
  File "/nvme3/yqy/vllm_deploy/glorcq_eval/GLoRCQ/.venv/lib/python3.12/site-packages/huggingface_hub/utils/_validators.py", line 106, in _inner_fn
    validate_repo_id(arg_value)
  File "/nvme3/yqy/vllm_deploy/glorcq_eval/GLoRCQ/.venv/lib/python3.12/site-packages/huggingface_hub/utils/_validators.py", line 154, in validate_repo_id
    raise HFValidationError(
huggingface_hub.errors.HFValidationError: Repo id must be in the form 'repo_name' or 'namespace/repo_name': '/nvme3/yqy/vllm_deploy/glorcq_eval/mixtral_e11_v2'. Use `repo_type` argument if needed.

During handling of the above exception, another exception occurred:

Traceback (most recent call last):
  File "/nvme3/yqy/vllm_deploy/glorcq_eval/GLoRCQ/.venv/lib/python3.12/site-packages/transformers/configuration_utils.py", line 649, in _get_config_dict
    resolved_config_file = cached_file(
                           ^^^^^^^^^^^^
  File "/nvme3/yqy/vllm_deploy/glorcq_eval/GLoRCQ/.venv/lib/python3.12/site-packages/transformers/utils/hub.py", line 266, in cached_file
    file = cached_files(path_or_repo_id=path_or_repo_id, filenames=[filename], **kwargs)
           ^^^^^^^^^^^^^^^^^^^^^^^^^^^^^^^^^^^^^^^^^^^^^^^^^^^^^^^^^^^^^^^^^^^^^^^^^^^^^
  File "/nvme3/yqy/vllm_deploy/glorcq_eval/GLoRCQ/.venv/lib/python3.12/site-packages/transformers/utils/hub.py", line 471, in cached_files
    _get_cache_file_to_return(path_or_repo_id, filename, cache_dir, revision) for filename in full_filenames
    ^^^^^^^^^^^^^^^^^^^^^^^^^^^^^^^^^^^^^^^^^^^^^^^^^^^^^^^^^^^^^^^^^^^^^^^^^
  File "/nvme3/yqy/vllm_deploy/glorcq_eval/GLoRCQ/.venv/lib/python3.12/site-packages/transformers/utils/hub.py", line 134, in _get_cache_file_to_return
    resolved_file = try_to_load_from_cache(path_or_repo_id, full_filename, cache_dir=cache_dir, revision=revision)
                    ^^^^^^^^^^^^^^^^^^^^^^^^^^^^^^^^^^^^^^^^^^^^^^^^^^^^^^^^^^^^^^^^^^^^^^^^^^^^^^^^^^^^^^^^^^^^^^
  File "/nvme3/yqy/vllm_deploy/glorcq_eval/GLoRCQ/.venv/lib/python3.12/site-packages/huggingface_hub/utils/_validators.py", line 106, in _inner_fn
    validate_repo_id(arg_value)
  File "/nvme3/yqy/vllm_deploy/glorcq_eval/GLoRCQ/.venv/lib/python3.12/site-packages/huggingface_hub/utils/_validators.py", line 154, in validate_repo_id
    raise HFValidationError(
huggingface_hub.errors.HFValidationError: Repo id must be in the form 'repo_name' or 'namespace/repo_name': '/nvme3/yqy/vllm_deploy/glorcq_eval/mixtral_e11_v2'. Use `repo_type` argument if needed.

During handling of the above exception, another exception occurred:

Traceback (most recent call last):
  File "/nvme3/yqy/vllm_deploy/glorcq_eval/GLoRCQ/evaluate/eval_ppl.py", line 123, in <module>
    main()
  File "/nvme3/yqy/vllm_deploy/glorcq_eval/GLoRCQ/evaluate/eval_ppl.py", line 96, in main
    model, tokenizer = load_model_and_tokenizer(
                       ^^^^^^^^^^^^^^^^^^^^^^^^^
  File "/nvme3/yqy/vllm_deploy/glorcq_eval/GLoRCQ/utils/model_loader.py", line 31, in load_model_and_tokenizer
    model = _load_fake_quant(model_path, device)
            ^^^^^^^^^^^^^^^^^^^^^^^^^^^^^^^^^^^^
  File "/nvme3/yqy/vllm_deploy/glorcq_eval/GLoRCQ/utils/model_loader.py", line 50, in _load_fake_quant
    config = AutoConfig.from_pretrained(model_path, trust_remote_code=True)
             ^^^^^^^^^^^^^^^^^^^^^^^^^^^^^^^^^^^^^^^^^^^^^^^^^^^^^^^^^^^^^^
  File "/nvme3/yqy/vllm_deploy/glorcq_eval/GLoRCQ/.venv/lib/python3.12/site-packages/transformers/models/auto/configuration_auto.py", line 1114, in from_pretrained
    config_dict, unused_kwargs = PretrainedConfig.get_config_dict(pretrained_model_name_or_path, **kwargs)
                                 ^^^^^^^^^^^^^^^^^^^^^^^^^^^^^^^^^^^^^^^^^^^^^^^^^^^^^^^^^^^^^^^^^^^^^^^^^
  File "/nvme3/yqy/vllm_deploy/glorcq_eval/GLoRCQ/.venv/lib/python3.12/site-packages/transformers/configuration_utils.py", line 590, in get_config_dict
    config_dict, kwargs = cls._get_config_dict(pretrained_model_name_or_path, **kwargs)
                          ^^^^^^^^^^^^^^^^^^^^^^^^^^^^^^^^^^^^^^^^^^^^^^^^^^^^^^^^^^^^^
  File "/nvme3/yqy/vllm_deploy/glorcq_eval/GLoRCQ/.venv/lib/python3.12/site-packages/transformers/configuration_utils.py", line 672, in _get_config_dict
    raise OSError(
OSError: Can't load the configuration of '/nvme3/yqy/vllm_deploy/glorcq_eval/mixtral_e11_v2'. If you were trying to load it from 'https://huggingface.co/models', make sure you don't have a local directory with the same name. Otherwise, make sure '/nvme3/yqy/vllm_deploy/glorcq_eval/mixtral_e11_v2' is the correct path to a directory containing a config.json file
